\set ECHO none
1..1
ok 1 - current_date +/- 1
# TRANSACTION INTENTIONALLY LEFT OPEN!
