\set ECHO none
1..2
ok 1 - now() +/- 1us
ok 2 - timezone test
# TRANSACTION INTENTIONALLY LEFT OPEN!
